https://formation.webdevpro.net/git (saisir directement dans la barre d'adresse pas dans Google)
login : git
password : git
(mettre les login et password en minuscule)

notes de cours :
https://bitbucket.org/formationwebdevpro/git-d-mars-2023/src/main/


 dessiner des schéma directement dans VSC => 
1 installer l'extension draw.io Integration
2 créer un fichier .....drawio
branch => 


cas pratique :

dans le dossier jour2 => créer un fichier 01-exo.html mettre une barre de menu add + commit 
créer un fichier 01-exo.html mettre un article et un formulaire add + commit 

créer une branch css et se positionner dessus 

ajouter un fichier style.css qui va styliser la barre de menu add et commit 
ajouter dans le fichier style.css qui va styliser le formulaire add et commit 

positionner sur la branch principale fusionner la branch principale avec la branch css 


https://onlywei.github.io/explain-git-with-d3/ (git commit)


(to get the document back if it delete from branch)

feliciaayodeji@Felicias-Air git %  git status
On branch menu
nothing to commit, working tree clean
feliciaayodeji@Felicias-Air git % git branch   
  main
* menu
feliciaayodeji@Felicias-Air git % git checkout main
Switched to branch 'main'
feliciaayodeji@Felicias-Air git % git merge menu
Already up to date.
feliciaayodeji@Felicias-Air git % git branch -d menu
Deleted branch menu (was ece120e).
feliciaayodeji@Felicias-Air git % git branch
* main
feliciaayodeji@Felicias-Air git % 