https://formation.webdevpro.net/git (saisir directement dans la barre d'adresse pas dans Google)
login : git
password : git
(mettre les login et password en minuscule)

notes de cours :
https://bitbucket.org/formationwebdevpro/git-d-mars-2023/src/main/


 dessiner des schéma directement dans VSC => 
1 installer l'extension draw.io Integration
2 créer un fichier .....drawio
branch => 


cas pratique :

dans le dossier jour2 => créer un fichier 01-exo.html mettre une barre de menu add + commit 
créer un fichier 01-exo.html mettre un article et un formulaire add + commit 

créer une branch css et se positionner dessus 

ajouter un fichier style.css qui va styliser la barre de menu add et commit 
ajouter dans le fichier style.css qui va styliser le formulaire add et commit 

positionner sur la branch principale fusionner la branch principale avec la branch css 


https://onlywei.github.io/explain-git-with-d3/ (git commit)


(to get the document back if it delete from branch)

feliciaayodeji@Felicias-Air git %  git status
On branch menu
nothing to commit, working tree clean
feliciaayodeji@Felicias-Air git % git branch   
  main
* menu
feliciaayodeji@Felicias-Air git % git checkout main
Switched to branch 'main'
feliciaayodeji@Felicias-Air git % git merge menu
Already up to date.
feliciaayodeji@Felicias-Air git % git branch -d menu
Deleted branch menu (was ece120e).
feliciaayodeji@Felicias-Air git % git branch
* main
feliciaayodeji@Felicias-Air git % 


correction of the exercices 

feliciaayodeji@Felicias-Air git % git add --all
feliciaayodeji@Felicias-Air git %  git commit -m "01-exo.html"       
[main f0d08bc] 01-exo.html
 4 files changed, 140 insertions(+)
 create mode 100644 jour2/00-start.txt
 create mode 100644 jour2/01-branch.drawio
 create mode 100644 jour2/01-exo.html
feliciaayodeji@Felicias-Air git % git add --all
feliciaayodeji@Felicias-Air git % git commit -m "ajoute article et un formulaire"
[main 7d8afc9] ajoute article et un formulaire
 1 file changed, 6 insertions(+), 1 deletion(-)

feliciaayodeji@Felicias-Air git % git branch css
fatal: a branch named 'menu' already exists
                                  git checkout css 

feliciaayodeji@Felicias-Air git % git branch menu
fatal: a branch named 'menu' already exists
feliciaayodeji@Felicias-Air git % git branch 
* main
  menu
feliciaayodeji@Felicias-Air git % git add --all
feliciaayodeji@Felicias-Air git % git commit -m "style.css"
[main 9ec7cd5] style.css
 1 file changed, 0 insertions(+), 0 deletions(-)
 create mode 100644 jour2/style.css
feliciaayodeji@Felicias-Air git % git checkout menu
Switched to branch 'menu'
feliciaayodeji@Felicias-Air git %  git status
On branch menu
nothing to commit, working tree clean
                                    git checkout main 

feliciaayodeji@Felicias-Air git % git merge menu
Already up to date.
feliciaayodeji@Felicias-Air git %